warning: methods `is_organization_wide` and `granted_scopes` are never used
  --> crates/control-plane/src/modules/workflow/application/resource_access.rs:52:25
   |
35 | impl WorkflowAccess {
   | ------------------- methods in this implementation
...
52 |     pub(crate) const fn is_organization_wide(&self) -> bool {
   |                         ^^^^^^^^^^^^^^^^^^^^
...
56 |     pub(crate) fn granted_scopes(&self) -> impl Iterator<Item = WorkflowAccessScope> + '_ {
   |                   ^^^^^^^^^^^^^^

warning: function `organization_tenant_knowledge_write_controller` is never used
  --> crates/control-plane/src/presentation/mod.rs:57:15
   |
57 | pub(crate) fn organization_tenant_knowledge_write_controller(
   |               ^^^^^^^^^^^^^^^^^^^^^^^^^^^^^^^^^^^^^^^^^^^^^^

warning: `a3s-cloud-control-plane` (lib) generated 89 warnings (run `cargo fix --lib -p a3s-cloud-control-plane` to apply 75 suggestions)
warning: unused import: `cancellation::exercise_pre_dispatch_cancellation`
  --> crates/control-plane/tests/support/deployment_flow.rs:53:9
   |
53 | pub use cancellation::exercise_pre_dispatch_cancellation;
   |         ^^^^^^^^^^^^^^^^^^^^^^^^^^^^^^^^^^^^^^^^^^^^^^^^
   |
   = note: `#[warn(unused_imports)]` (part of `#[warn(unused)]`) on by default

warning: function `exercise_published_agent_release_real_box` is never used
   --> crates/control-plane/tests/support/a0_4_real_box_release_support.rs:266:14
    |
266 | pub async fn exercise_published_agent_release_real_box(postgres_url: String) -> TestResult {
    |              ^^^^^^^^^^^^^^^^^^^^^^^^^^^^^^^^^^^^^^^^^
    |
    = note: `#[warn(dead_code)]` (part of `#[warn(unused)]`) on by default

warning: function `exercise` is never used
   --> crates/control-plane/tests/support/agent_code_recovery/real_box_release.rs:106:21
    |
106 | pub(super) async fn exercise(postgres_url: String) -> TestResult {
    |                     ^^^^^^^^

warning: function `exercise_skill_binding` is never used
   --> crates/control-plane/tests/support/agent_code_recovery/real_box_release.rs:117:21
    |
117 | pub(super) async fn exercise_skill_binding(postgres_url: String) -> TestResult {
    |                     ^^^^^^^^^^^^^^^^^^^^^^

warning: function `exercise_build_run_persistence` is never used
   --> crates/control-plane/tests/support/build_runs.rs:117:14
    |
117 | pub async fn exercise_build_run_persistence(
    |              ^^^^^^^^^^^^^^^^^^^^^^^^^^^^^^

warning: function `exercise_hosted_build_run_persistence` is never used
   --> crates/control-plane/tests/support/build_runs.rs:944:14
    |
944 | pub async fn exercise_hosted_build_run_persistence(
    |              ^^^^^^^^^^^^^^^^^^^^^^^^^^^^^^^^^^^^^

warning: function `publish_hosted_release` is never used
    --> crates/control-plane/tests/support/build_runs.rs:1224:14
     |
1224 | pub async fn publish_hosted_release(
     |              ^^^^^^^^^^^^^^^^^^^^^^

warning: function `attest_and_complete_published_build` is never used
    --> crates/control-plane/tests/support/build_runs.rs:1603:10
     |
1603 | async fn attest_and_complete_published_build(
     |          ^^^^^^^^^^^^^^^^^^^^^^^^^^^^^^^^^^^

warning: struct `DeploymentFlowFixture` is never constructed
  --> crates/control-plane/tests/support/deployment_flow.rs:56:12
   |
56 | pub struct DeploymentFlowFixture {
   |            ^^^^^^^^^^^^^^^^^^^^^

warning: function `exercise_deployment_flow` is never used
  --> crates/control-plane/tests/support/deployment_flow.rs:63:14
   |
63 | pub async fn exercise_deployment_flow(
   |              ^^^^^^^^^^^^^^^^^^^^^^^^

warning: function `test_artifact_resolver` is never used
   --> crates/control-plane/tests/support/deployment_flow.rs:512:4
    |
512 | fn test_artifact_resolver() -> Arc<dyn IOciArtifactResolver> {
    |    ^^^^^^^^^^^^^^^^^^^^^^

warning: function `deployment_artifact_resolver` is never used
   --> crates/control-plane/tests/support/deployment_flow.rs:516:4
    |
516 | fn deployment_artifact_resolver(
    |    ^^^^^^^^^^^^^^^^^^^^^^^^^^^^

warning: struct `ExpectedDigestArtifactResolver` is never constructed
   --> crates/control-plane/tests/support/deployment_flow.rs:539:8
    |
539 | struct ExpectedDigestArtifactResolver;
    |        ^^^^^^^^^^^^^^^^^^^^^^^^^^^^^^

warning: function `resource_claim_acknowledgement` is never used
   --> crates/control-plane/tests/support/deployment_flow.rs:619:15
    |
619 | pub(super) fn resource_claim_acknowledgement(
    |               ^^^^^^^^^^^^^^^^^^^^^^^^^^^^^^

warning: function `runtime_apply_acknowledgement` is never used
   --> crates/control-plane/tests/support/deployment_flow.rs:645:15
    |
645 | pub(super) fn runtime_apply_acknowledgement(
    |               ^^^^^^^^^^^^^^^^^^^^^^^^^^^^^

warning: function `successful_acknowledgement` is never used
   --> crates/control-plane/tests/support/deployment_flow.rs:670:4
    |
670 | fn successful_acknowledgement(
    |    ^^^^^^^^^^^^^^^^^^^^^^^^^^

warning: function `ready_node` is never used
   --> crates/control-plane/tests/support/deployment_flow.rs:721:10
    |
721 | async fn ready_node(
    |          ^^^^^^^^^^

warning: function `healthy_observation` is never used
   --> crates/control-plane/tests/support/deployment_flow.rs:828:15
    |
828 | pub(super) fn healthy_observation(
    |               ^^^^^^^^^^^^^^^^^^^

warning: function `runtime_capabilities` is never used
   --> crates/control-plane/tests/support/deployment_flow.rs:886:4
    |
886 | fn runtime_capabilities() -> RuntimeCapabilities {
    |    ^^^^^^^^^^^^^^^^^^^^

warning: function `field_uuid` is never used
   --> crates/control-plane/tests/support/deployment_flow.rs:913:4
    |
913 | fn field_uuid(value: &Value, field: &str) -> Result<Uuid, Box<dyn std::error::Error>> {
    |    ^^^^^^^^^^

warning: function `exercise_pre_dispatch_cancellation` is never used
 --> crates/control-plane/tests/support/deployment_flow/cancellation.rs:3:14
  |
3 | pub async fn exercise_pre_dispatch_cancellation(
  |              ^^^^^^^^^^^^^^^^^^^^^^^^^^^^^^^^^^

warning: constant `ADMIN_TOKEN` is never used
  --> crates/control-plane/tests/ga1_gateway_live_code_path.rs:35:22
   |
35 |     pub(super) const ADMIN_TOKEN: &str =
   |                      ^^^^^^^^^^^

warning: function `post_json` is never used
  --> crates/control-plane/tests/ga1_gateway_live_code_path.rs:38:19
   |
38 |     pub(super) fn post_json(
   |                   ^^^^^^^^^

warning: function `post_json_as` is never used
  --> crates/control-plane/tests/ga1_gateway_live_code_path.rs:46:19
   |
46 |     pub(super) fn post_json_as(
   |                   ^^^^^^^^^^^^

warning: function `get_as` is never used
  --> crates/control-plane/tests/ga1_gateway_live_code_path.rs:59:19
   |
59 |     pub(super) fn get_as(path: impl Into<String>, token: &str) -> BootRequest {
   |                   ^^^^^^

warning: function `response_json` is never used
  --> crates/control-plane/tests/ga1_gateway_live_code_path.rs:64:19
   |
64 |     pub(super) fn response_json(response: &BootResponse) -> a3s_boot::Result<Value> {
   |                   ^^^^^^^^^^^^^

warning: `a3s-cloud-control-plane` (test "ga1_gateway_live_code_path") generated 26 warnings (run `cargo fix --test "ga1_gateway_live_code_path" -p a3s-cloud-control-plane` to apply 1 suggestion)
    Finished `test` profile [unoptimized + debuginfo] target(s) in 8m 10s
  Executable tests/ga1_gateway_live_code_path.rs (/tmp/cloud-box-target/debug/deps/ga1_gateway_live_code_path-86f677c3d704dcf5)
Running Sandbox-identity Cloud harness: /tmp/cloud-box-target/debug/deps/ga1_gateway_live_code_path-86f677c3d704dcf5

running 1 test
test ga1_gateway_live_code_path_agent_release_through_real_gateway ... A3S_CLOUD_GA1_GATEWAY_PUBLIC_TRAFFIC_PROVEN gateway_public=traffic path=/health/ready gateway_revision=e92896769953aee28ef69261f77265e427f9d396 box_revision=8b2804c585d2f31bce06f213990407606a475634 artifact_digest=sha256:34cfe15ffa81bcd2d75f5e9b72ed5f3dd8ac1a6e9dd83e0b62f57ab30e7ecda1 upstream=127.0.0.1:36891 traffic=127.0.0.1:46387 unit_id=workload:01a0afa2-b089-7002-b749-98a2fcdb00f7:revision:01a0afa2-b089-7002-b749-98b45cd9bd0b generation=1
A3S_CLOUD_A0_4_REAL_BOX_RELEASE_CERTIFIED store=postgresql release=published deployment_flow=completed stop_flow=completed runtime_apply=persisted provider=a3s-box harness=a3s-code observations=3 process_restarts=1 secret_materializations=4 artifact_downloads=1 commands=5 acknowledgements=5 cleanup=removed artifact_digest=sha256:34cfe15ffa81bcd2d75f5e9b72ed5f3dd8ac1a6e9dd83e0b62f57ab30e7ecda1 manifest_identity=sha256:bef09234ab8f5732ef82acf39e5f37599fbb5ae7898223f916e852b0c0bd45cb first_started_at_ms=1789653096151 recovered_started_at_ms=1789653107063

thread 'ga1_gateway_live_code_path_agent_release_through_real_gateway' (68567) panicked at crates/control-plane/tests/ga1_gateway_live_code_path.rs:99:6:
GA-1 Gateway LIVE Code-path certification gate: "GA-1 Gateway LIVE phase-2b pending: management-plane conversation/execution with durable events against the same published release (box=8b2804c585d2f31bce06f213990407606a475634 gateway=e92896769953aee28ef69261f77265e427f9d396 artifact=127.0.0.1:50020/a3s/a0-4-agent-runtime@sha256:34cfe15ffa81bcd2d75f5e9b72ed5f3dd8ac1a6e9dd83e0b62f57ab30e7ecda1). A3S_CLOUD_GA1_GATEWAY_PUBLIC_TRAFFIC_PROVEN already required; refuse A3S_CLOUD_GA1_GATEWAY_LIVE_CODE_PATH_CERTIFIED without conversations>=1 events>=1"
note: run with `RUST_BACKTRACE=1` environment variable to display a backtrace
FAILED

failures:

failures:
    ga1_gateway_live_code_path_agent_release_through_real_gateway

test result: FAILED. 0 passed; 1 failed; 0 ignored; 0 measured; 0 filtered out; finished in 53.87s

